{
  "type": "object",
  "properties": {
    "id": {
      "type": "string",
      "description": "Unique identifier"
    },
    "title": {
      "type": "string",
      "nullable": true
    },
    "user": {
      "allOf": [
        {
          "$ref": "#/components/schemas/AlbaArUser"
        }
      ],
      "nullable": true
    }
  },
  "required": [
    "id",
    "user"
  ]
}