{
  "type": "object",
  "properties": {
    "invitor": {
      "oneOf": [
        {
          "allOf": [
            {
              "$ref": "#/components/schemas/AlbaTraits"
            },
            {
              "$ref": "#/components/schemas/AlbaTraitsBasicTrait"
            }
          ]
        },
        {
          "type": "null"
        }
      ]
    },
    "posts": {
      "type": "array",
      "items": {
        "allOf": [
          {
            "$ref": "#/components/schemas/AlbaPost"
          },
          {
            "$ref": "#/components/schemas/AlbaPostDetailsTrait"
          },
          {
            "$ref": "#/components/schemas/AlbaPostWithAuthorTrait"
          }
        ]
      }
    },
    "username": {
      "type": "string"
    }
  },
  "required": [
    "invitor",
    "posts",
    "username"
  ]
}