{
  "type": "object",
  "properties": {
    "id": {
      "type": "string",
      "description": "Unique identifier"
    },
    "username": {
      "type": "string"
    },
    "posts": {
      "type": "array",
      "items": {
        "$ref": "#/components/schemas/AlbaPost"
      }
    }
  },
  "required": [
    "id",
    "username",
    "posts"
  ]
}