{
  "type": "object",
  "properties": {
    "id": {
      "type": "string",
      "description": "Unique identifier"
    },
    "username": {
      "type": "string"
    },
    "skills": {
      "type": "array",
      "items": {
        "type": "object"
      }
    },
    "settings": {
      "type": "object"
    },
    "metadata": {
      "type": "object"
    },
    "invitor": {
      "$ref": "#/components/schemas/AlbaArUser"
    },
    "posts": {
      "type": "array",
      "items": {
        "$ref": "#/components/schemas/AlbaArPost"
      }
    },
    "latest_post": {
      "$ref": "#/components/schemas/AlbaArPost"
    }
  },
  "required": [
    "id",
    "username",
    "skills",
    "settings",
    "metadata",
    "invitor",
    "posts",
    "latest_post"
  ]
}