{
  "type": "object",
  "properties": {
    "foo": {
      "type": "object"
    },
    "bar": {
      "type": "string",
      "nullable": true
    },
    "details": {
      "type": "object",
      "properties": {
        "baz": {
          "type": "object"
        },
        "qux": {
          "type": "object"
        }
      },
      "required": [
        "baz",
        "qux"
      ]
    }
  },
  "required": [
    "foo",
    "bar",
    "details"
  ]
}