{
  "type": "object",
  "properties": {
    "user_role": {
      "type": "object",
      "properties": {
        "role": {
          "type": "string",
          "enum": [
            "guest",
            "member",
            "admin",
            "superadmin"
          ]
        }
      },
      "required": [
        "role"
      ]
    }
  },
  "required": [
    "user_role"
  ]
}