{
  "type": "object",
  "properties": {
    "user": {
      "allOf": [
        {
          "$ref": "#/components/schemas/AlbaTraits"
        },
        {
          "$ref": "#/components/schemas/AlbaTraitsBasicTrait"
        },
        {
          "$ref": "#/components/schemas/AlbaTraitsComplexTrait"
        }
      ]
    },
    "posts": {
      "type": "array",
      "items": {
        "allOf": [
          {
            "$ref": "#/components/schemas/AlbaPost"
          },
          {
            "$ref": "#/components/schemas/AlbaPostDetailsTrait"
          },
          {
            "$ref": "#/components/schemas/AlbaPostWithAuthorTrait"
          }
        ]
      }
    },
    "latest_post": {
      "oneOf": [
        {
          "allOf": [
            {
              "$ref": "#/components/schemas/AlbaPost"
            },
            {
              "$ref": "#/components/schemas/AlbaPostDetailsTrait"
            }
          ]
        },
        {
          "type": "null"
        }
      ]
    }
  },
  "required": [
    "user",
    "posts",
    "latest_post"
  ]
}