{
  "type": "object",
  "properties": {
    "id": {
      "type": "integer"
    },
    "title": {
      "type": "string",
      "nullable": true
    },
    "category": {
      "type": "string",
      "nullable": true,
      "enum": [
        "news",
        "article",
        "blog",
        null
      ]
    },
    "body": {
      "type": "string",
      "nullable": true
    },
    "published_at": {
      "type": "string",
      "format": "date-time",
      "nullable": true
    },
    "previous_post": {
      "$ref": "#/components/schemas/AmsPost"
    },
    "name": {
      "type": "string",
      "deprecated": true
    },
    "user": {
      "$ref": "#/components/schemas/AmsUser"
    },
    "created_by": {
      "$ref": "#/components/schemas/AmsUser"
    }
  },
  "required": [
    "id",
    "previous_post",
    "name",
    "user",
    "created_by"
  ]
}