{
  "type": "object",
  "properties": {
    "id": {
      "type": "string",
      "description": "Unique identifier"
    },
    "active": {
      "type": "boolean"
    },
    "created_at": {
      "type": "string"
    },
    "email": {
      "type": "string"
    },
    "name": {
      "type": "string"
    },
    "username": {
      "type": "string"
    }
  },
  "required": [
    "id",
    "active",
    "created_at",
    "email",
    "name",
    "username"
  ]
}