{
  "type": "object",
  "properties": {
    "id": {
      "type": "integer"
    },
    "active": {
      "type": "boolean"
    },
    "created_at": {
      "type": "string",
      "format": "date-time"
    },
    "display_name": {
      "type": "string"
    },
    "first_name": {
      "type": "string"
    },
    "invitor_id": {
      "type": "integer",
      "nullable": true
    },
    "role": {
      "type": "string",
      "enum": [
        "guest",
        "member",
        "admin",
        "superadmin"
      ]
    },
    "username": {
      "type": "string"
    },
    "friends": {
      "type": "array",
      "items": {
        "$ref": "#/components/schemas/BlueprinterUserExtendedView"
      }
    },
    "invitor": {
      "allOf": [
        {
          "$ref": "#/components/schemas/BlueprinterUser"
        }
      ],
      "nullable": true
    },
    "latest_post": {
      "type": "object",
      "nullable": true
    },
    "posts": {
      "type": "array",
      "items": {
        "$ref": "#/components/schemas/BlueprinterPostSummaryView"
      }
    }
  },
  "required": [
    "id",
    "active",
    "display_name",
    "first_name",
    "invitor_id",
    "role",
    "username",
    "friends",
    "invitor",
    "latest_post",
    "posts"
  ]
}