{
  "type": "object",
  "properties": {
    "id": {
      "type": "integer"
    },
    "category": {
      "type": [
        "string",
        "null"
      ],
      "enum": [
        "news",
        "article",
        "blog",
        null
      ]
    },
    "published_at": {
      "type": [
        "string",
        "null"
      ],
      "format": "date-time"
    },
    "title": {
      "type": [
        "string",
        "null"
      ]
    }
  },
  "required": [
    "id",
    "category",
    "published_at",
    "title"
  ]
}