{
  "type": "object",
  "properties": {
    "id": {
      "type": "number"
    },
    "name": {
      "type": "string"
    },
    "parent": {
      "oneOf": [
        {
          "$ref": "#/components/schemas/JbuilderFeaturesSelfRef"
        },
        {
          "type": "null"
        }
      ]
    }
  },
  "required": [
    "id",
    "name",
    "parent"
  ]
}