{
  "type": "object",
  "properties": {
    "posts": {
      "type": "array",
      "items": {
        "type": "object",
        "properties": {
          "id": {
            "type": "integer"
          },
          "title": {
            "type": "string",
            "nullable": true
          },
          "published_at": {
            "type": "string",
            "format": "date-time",
            "nullable": true
          }
        },
        "required": [
          "id",
          "title",
          "published_at"
        ]
      }
    }
  },
  "required": [
    "posts"
  ]
}