{
  "type": "object",
  "properties": {
    "posts": {
      "type": "array",
      "items": {
        "type": "object",
        "properties": {
          "id": {
            "type": "number"
          },
          "title": {
            "type": "string"
          }
        },
        "required": [
          "id",
          "title"
        ]
      }
    }
  },
  "required": [
    "posts"
  ]
}