{
  "type": "object",
  "properties": {
    "title": {
      "type": "string"
    },
    "body": {
      "type": "string"
    },
    "meta": {
      "type": "object",
      "properties": {
        "rendered_at": {
          "type": "string"
        }
      },
      "required": [
        "rendered_at"
      ]
    }
  },
  "required": [
    "title",
    "body",
    "meta"
  ]
}