{
  "type": "object",
  "properties": {
    "provider": {
      "type": "string",
      "enum": [
        "cloudpayments",
        "tiptoppay"
      ]
    },
    "metadata": {
      "type": "object"
    },
    "lookup": {
      "type": "object"
    },
    "pair": {
      "type": "object"
    },
    "result": {
      "anyOf": [
        {
          "type": "object"
        },
        {
          "type": "object"
        }
      ]
    },
    "nullable_config": {
      "type": [
        "object",
        "null"
      ]
    }
  },
  "required": [
    "provider",
    "metadata",
    "lookup",
    "pair",
    "result",
    "nullable_config"
  ]
}