{
  "type": "object",
  "properties": {
    "id": {
      "type": "string",
      "description": "Unique identifier"
    },
    "nickname": {
      "type": "string"
    },
    "tags": {
      "type": "array",
      "items": {
        "type": "string"
      }
    },
    "roles": {
      "type": "array",
      "items": {
        "type": "string"
      }
    },
    "status": {
      "type": [
        "string",
        "null"
      ]
    },
    "score": {
      "type": "number"
    },
    "bio": {
      "type": "string"
    },
    "level": {
      "type": "array",
      "items": {
        "type": "number"
      }
    }
  },
  "required": [
    "id",
    "tags",
    "level"
  ]
}