{
  "type": "object",
  "properties": {
    "id": {
      "type": "string",
      "description": "Unique identifier"
    },
    "title": {
      "type": [
        "string",
        "null"
      ]
    },
    "user": {
      "oneOf": [
        {
          "$ref": "#/components/schemas/OjSerializersArUser"
        },
        {
          "type": "null"
        }
      ]
    }
  },
  "required": [
    "id",
    "user"
  ]
}