{
  "type": "object",
  "properties": {
    "id": {
      "type": "string",
      "description": "Unique identifier"
    },
    "title": {
      "type": [
        "string",
        "null"
      ]
    },
    "reviewer": {
      "oneOf": [
        {
          "$ref": "#/components/schemas/OjSerializersUser"
        },
        {
          "type": "null"
        }
      ]
    },
    "editor": {
      "$ref": "#/components/schemas/OjSerializersUser"
    },
    "approver": {
      "oneOf": [
        {
          "$ref": "#/components/schemas/OjSerializersUser"
        },
        {
          "type": "null"
        }
      ]
    },
    "commentable": {
      "anyOf": [
        {
          "$ref": "#/components/schemas/OjSerializersUser"
        },
        {
          "$ref": "#/components/schemas/OjSerializersComment"
        }
      ]
    },
    "mixed_ref": {
      "anyOf": [
        {
          "$ref": "#/components/schemas/OjSerializersUser"
        },
        {
          "$ref": "#/components/schemas/OjSerializersComment"
        }
      ]
    }
  },
  "required": [
    "id",
    "editor",
    "approver",
    "commentable",
    "mixed_ref"
  ]
}